Archive member included to satisfy reference by file (symbol)

d:/program file_d/stm32ide/stm32cubeide_1.1.0/stm32cubeide/plugins/com.st.stm32cube.ide.mcu.externaltools.gnu-tools-for-stm32.7-2018-q2-update.win32_1.0.0.201904181610/tools/bin/../lib/gcc/arm-none-eabi/7.3.1/../../../../arm-none-eabi/lib/thumb/v7-m\libc_nano.a(lib_a-errno.o)
                              Core/Src/syscalls.o (__errno)
d:/program file_d/stm32ide/stm32cubeide_1.1.0/stm32cubeide/plugins/com.st.stm32cube.ide.mcu.externaltools.gnu-tools-for-stm32.7-2018-q2-update.win32_1.0.0.201904181610/tools/bin/../lib/gcc/arm-none-eabi/7.3.1/../../../../arm-none-eabi/lib/thumb/v7-m\libc_nano.a(lib_a-exit.o)
                              d:/program file_d/stm32ide/stm32cubeide_1.1.0/stm32cubeide/plugins/com.st.stm32cube.ide.mcu.externaltools.gnu-tools-for-stm32.7-2018-q2-update.win32_1.0.0.201904181610/tools/bin/../lib/gcc/arm-none-eabi/7.3.1/../../../../arm-none-eabi/lib/thumb/v7-m/crt0.o (exit)
d:/program file_d/stm32ide/stm32cubeide_1.1.0/stm32cubeide/plugins/com.st.stm32cube.ide.mcu.externaltools.gnu-tools-for-stm32.7-2018-q2-update.win32_1.0.0.201904181610/tools/bin/../lib/gcc/arm-none-eabi/7.3.1/../../../../arm-none-eabi/lib/thumb/v7-m\libc_nano.a(lib_a-impure.o)
                              d:/program file_d/stm32ide/stm32cubeide_1.1.0/stm32cubeide/plugins/com.st.stm32cube.ide.mcu.externaltools.gnu-tools-for-stm32.7-2018-q2-update.win32_1.0.0.201904181610/tools/bin/../lib/gcc/arm-none-eabi/7.3.1/../../../../arm-none-eabi/lib/thumb/v7-m\libc_nano.a(lib_a-exit.o) (_global_impure_ptr)
d:/program file_d/stm32ide/stm32cubeide_1.1.0/stm32cubeide/plugins/com.st.stm32cube.ide.mcu.externaltools.gnu-tools-for-stm32.7-2018-q2-update.win32_1.0.0.201904181610/tools/bin/../lib/gcc/arm-none-eabi/7.3.1/../../../../arm-none-eabi/lib/thumb/v7-m\libc_nano.a(lib_a-init.o)
                              d:/program file_d/stm32ide/stm32cubeide_1.1.0/stm32cubeide/plugins/com.st.stm32cube.ide.mcu.externaltools.gnu-tools-for-stm32.7-2018-q2-update.win32_1.0.0.201904181610/tools/bin/../lib/gcc/arm-none-eabi/7.3.1/../../../../arm-none-eabi/lib/thumb/v7-m/crt0.o (__libc_init_array)
d:/program file_d/stm32ide/stm32cubeide_1.1.0/stm32cubeide/plugins/com.st.stm32cube.ide.mcu.externaltools.gnu-tools-for-stm32.7-2018-q2-update.win32_1.0.0.201904181610/tools/bin/../lib/gcc/arm-none-eabi/7.3.1/../../../../arm-none-eabi/lib/thumb/v7-m\libc_nano.a(lib_a-malloc.o)
                              Core/Src/main.o (malloc)
d:/program file_d/stm32ide/stm32cubeide_1.1.0/stm32cubeide/plugins/com.st.stm32cube.ide.mcu.externaltools.gnu-tools-for-stm32.7-2018-q2-update.win32_1.0.0.201904181610/tools/bin/../lib/gcc/arm-none-eabi/7.3.1/../../../../arm-none-eabi/lib/thumb/v7-m\libc_nano.a(lib_a-memset.o)
                              d:/program file_d/stm32ide/stm32cubeide_1.1.0/stm32cubeide/plugins/com.st.stm32cube.ide.mcu.externaltools.gnu-tools-for-stm32.7-2018-q2-update.win32_1.0.0.201904181610/tools/bin/../lib/gcc/arm-none-eabi/7.3.1/../../../../arm-none-eabi/lib/thumb/v7-m/crt0.o (memset)
d:/program file_d/stm32ide/stm32cubeide_1.1.0/stm32cubeide/plugins/com.st.stm32cube.ide.mcu.externaltools.gnu-tools-for-stm32.7-2018-q2-update.win32_1.0.0.201904181610/tools/bin/../lib/gcc/arm-none-eabi/7.3.1/../../../../arm-none-eabi/lib/thumb/v7-m\libc_nano.a(lib_a-nano-freer.o)
                              d:/program file_d/stm32ide/stm32cubeide_1.1.0/stm32cubeide/plugins/com.st.stm32cube.ide.mcu.externaltools.gnu-tools-for-stm32.7-2018-q2-update.win32_1.0.0.201904181610/tools/bin/../lib/gcc/arm-none-eabi/7.3.1/../../../../arm-none-eabi/lib/thumb/v7-m\libc_nano.a(lib_a-malloc.o) (_free_r)
d:/program file_d/stm32ide/stm32cubeide_1.1.0/stm32cubeide/plugins/com.st.stm32cube.ide.mcu.externaltools.gnu-tools-for-stm32.7-2018-q2-update.win32_1.0.0.201904181610/tools/bin/../lib/gcc/arm-none-eabi/7.3.1/../../../../arm-none-eabi/lib/thumb/v7-m\libc_nano.a(lib_a-nano-mallocr.o)
                              d:/program file_d/stm32ide/stm32cubeide_1.1.0/stm32cubeide/plugins/com.st.stm32cube.ide.mcu.externaltools.gnu-tools-for-stm32.7-2018-q2-update.win32_1.0.0.201904181610/tools/bin/../lib/gcc/arm-none-eabi/7.3.1/../../../../arm-none-eabi/lib/thumb/v7-m\libc_nano.a(lib_a-malloc.o) (_malloc_r)
d:/program file_d/stm32ide/stm32cubeide_1.1.0/stm32cubeide/plugins/com.st.stm32cube.ide.mcu.externaltools.gnu-tools-for-stm32.7-2018-q2-update.win32_1.0.0.201904181610/tools/bin/../lib/gcc/arm-none-eabi/7.3.1/../../../../arm-none-eabi/lib/thumb/v7-m\libc_nano.a(lib_a-sbrkr.o)
                              d:/program file_d/stm32ide/stm32cubeide_1.1.0/stm32cubeide/plugins/com.st.stm32cube.ide.mcu.externaltools.gnu-tools-for-stm32.7-2018-q2-update.win32_1.0.0.201904181610/tools/bin/../lib/gcc/arm-none-eabi/7.3.1/../../../../arm-none-eabi/lib/thumb/v7-m\libc_nano.a(lib_a-nano-mallocr.o) (_sbrk_r)
[...]
Memory Configuration

Name             Origin             Length             Attributes
RAM              0x0000000020000000 0x0000000000005000 xrw
FLASH            0x0000000008000000 0x0000000000010000 xr
*default*        0x0000000000000000 0xffffffffffffffff

Linker script and memory map

LOAD d:/program file_d/stm32ide/stm32cubeide_1.1.0/stm32cubeide/plugins/com.st.stm32cube.ide.mcu.externaltools.gnu-tools-for-stm32.7-2018-q2-update.win32_1.0.0.201904181610/tools/bin/../lib/gcc/arm-none-eabi/7.3.1/thumb/v7-m/crti.o
LOAD d:/program file_d/stm32ide/stm32cubeide_1.1.0/stm32cubeide/plugins/com.st.stm32cube.ide.mcu.externaltools.gnu-tools-for-stm32.7-2018-q2-update.win32_1.0.0.201904181610/tools/bin/../lib/gcc/arm-none-eabi/7.3.1/thumb/v7-m/crtbegin.o
LOAD d:/program file_d/stm32ide/stm32cubeide_1.1.0/stm32cubeide/plugins/com.st.stm32cube.ide.mcu.externaltools.gnu-tools-for-stm32.7-2018-q2-update.win32_1.0.0.201904181610/tools/bin/../lib/gcc/arm-none-eabi/7.3.1/../../../../arm-none-eabi/lib/thumb/v7-m/crt0.o
LOAD Core/Src/dwt_stm32_delay.o
LOAD Core/Src/hcsr04.o
LOAD Core/Src/main.o
LOAD Core/Src/stm32f1xx_hal_msp.o
LOAD Core/Src/stm32f1xx_it.o
LOAD Core/Src/syscalls.o
LOAD Core/Src/sysmem.o
LOAD Core/Src/system_stm32f1xx.o
LOAD Core/Src/test.o
LOAD Core/Startup/startup_stm32f103c8tx.o
LOAD Drivers/STM32F1xx_HAL_Driver/Src/stm32f1xx_hal.o
LOAD Drivers/STM32F1xx_HAL_Driver/Src/stm32f1xx_hal_cortex.o
LOAD Drivers/STM32F1xx_HAL_Driver/Src/stm32f1xx_hal_dma.o
LOAD Drivers/STM32F1xx_HAL_Driver/Src/stm32f1xx_hal_exti.o
LOAD Drivers/STM32F1xx_HAL_Driver/Src/stm32f1xx_hal_flash.o
LOAD Drivers/STM32F1xx_HAL_Driver/Src/stm32f1xx_hal_flash_ex.o
LOAD Drivers/STM32F1xx_HAL_Driver/Src/stm32f1xx_hal_gpio.o
LOAD Drivers/STM32F1xx_HAL_Driver/Src/stm32f1xx_hal_gpio_ex.o
LOAD Drivers/STM32F1xx_HAL_Driver/Src/stm32f1xx_hal_pwr.o
LOAD Drivers/STM32F1xx_HAL_Driver/Src/stm32f1xx_hal_rcc.o
LOAD Drivers/STM32F1xx_HAL_Driver/Src/stm32f1xx_hal_rcc_ex.o
LOAD Drivers/STM32F1xx_HAL_Driver/Src/stm32f1xx_hal_tim.o
LOAD Drivers/STM32F1xx_HAL_Driver/Src/stm32f1xx_hal_tim_ex.o
LOAD Drivers/STM32F1xx_HAL_Driver/Src/stm32f1xx_hal_uart.o
START GROUP
LOAD d:/program file_d/stm32ide/stm32cubeide_1.1.0/stm32cubeide/plugins/com.st.stm32cube.ide.mcu.externaltools.gnu-tools-for-stm32.7-2018-q2-update.win32_1.0.0.201904181610/tools/bin/../lib/gcc/arm-none-eabi/7.3.1/../../../../arm-none-eabi/lib/thumb/v7-m\libc_nano.a
LOAD d:/program file_d/stm32ide/stm32cubeide_1.1.0/stm32cubeide/plugins/com.st.stm32cube.ide.mcu.externaltools.gnu-tools-for-stm32.7-2018-q2-update.win32_1.0.0.201904181610/tools/bin/../lib/gcc/arm-none-eabi/7.3.1/../../../../arm-none-eabi/lib/thumb/v7-m\libm.a
END GROUP
START GROUP
LOAD d:/program file_d/stm32ide/stm32cubeide_1.1.0/stm32cubeide/plugins/com.st.stm32cube.ide.mcu.externaltools.gnu-tools-for-stm32.7-2018-q2-update.win32_1.0.0.201904181610/tools/bin/../lib/gcc/arm-none-eabi/7.3.1/thumb/v7-m\libgcc.a
LOAD d:/program file_d/stm32ide/stm32cubeide_1.1.0/stm32cubeide/plugins/com.st.stm32cube.ide.mcu.externaltools.gnu-tools-for-stm32.7-2018-q2-update.win32_1.0.0.201904181610/tools/bin/../lib/gcc/arm-none-eabi/7.3.1/../../../../arm-none-eabi/lib/thumb/v7-m\libc_nano.a
END GROUP
START GROUP
LOAD d:/program file_d/stm32ide/stm32cubeide_1.1.0/stm32cubeide/plugins/com.st.stm32cube.ide.mcu.externaltools.gnu-tools-for-stm32.7-2018-q2-update.win32_1.0.0.201904181610/tools/bin/../lib/gcc/arm-none-eabi/7.3.1/thumb/v7-m\libgcc.a
LOAD d:/program file_d/stm32ide/stm32cubeide_1.1.0/stm32cubeide/plugins/com.st.stm32cube.ide.mcu.externaltools.gnu-tools-for-stm32.7-2018-q2-update.win32_1.0.0.201904181610/tools/bin/../lib/gcc/arm-none-eabi/7.3.1/../../../../arm-none-eabi/lib/thumb/v7-m\libc_nano.a
LOAD d:/program file_d/stm32ide/stm32cubeide_1.1.0/stm32cubeide/plugins/com.st.stm32cube.ide.mcu.externaltools.gnu-tools-for-stm32.7-2018-q2-update.win32_1.0.0.201904181610/tools/bin/../lib/gcc/arm-none-eabi/7.3.1/../../../../arm-none-eabi/lib/thumb/v7-m\libnosys.a
END GROUP
START GROUP
LOAD d:/program file_d/stm32ide/stm32cubeide_1.1.0/stm32cubeide/plugins/com.st.stm32cube.ide.mcu.externaltools.gnu-tools-for-stm32.7-2018-q2-update.win32_1.0.0.201904181610/tools/bin/../lib/gcc/arm-none-eabi/7.3.1/thumb/v7-m\libgcc.a
LOAD d:/program file_d/stm32ide/stm32cubeide_1.1.0/stm32cubeide/plugins/com.st.stm32cube.ide.mcu.externaltools.gnu-tools-for-stm32.7-2018-q2-update.win32_1.0.0.201904181610/tools/bin/../lib/gcc/arm-none-eabi/7.3.1/../../../../arm-none-eabi/lib/thumb/v7-m\libc_nano.a
LOAD d:/program file_d/stm32ide/stm32cubeide_1.1.0/stm32cubeide/plugins/com.st.stm32cube.ide.mcu.externaltools.gnu-tools-for-stm32.7-2018-q2-update.win32_1.0.0.201904181610/tools/bin/../lib/gcc/arm-none-eabi/7.3.1/../../../../arm-none-eabi/lib/thumb/v7-m\libnosys.a
END GROUP
LOAD d:/program file_d/stm32ide/stm32cubeide_1.1.0/stm32cubeide/plugins/com.st.stm32cube.ide.mcu.externaltools.gnu-tools-for-stm32.7-2018-q2-update.win32_1.0.0.201904181610/tools/bin/../lib/gcc/arm-none-eabi/7.3.1/thumb/v7-m/crtend.o
LOAD d:/program file_d/stm32ide/stm32cubeide_1.1.0/stm32cubeide/plugins/com.st.stm32cube.ide.mcu.externaltools.gnu-tools-for-stm32.7-2018-q2-update.win32_1.0.0.201904181610/tools/bin/../lib/gcc/arm-none-eabi/7.3.1/thumb/v7-m/crtn.o
                0x0000000020005000                _estack = (ORIGIN (RAM) + LENGTH (RAM))
                0x0000000000000200                _Min_Heap_Size = 0x200
                0x0000000000000400                _Min_Stack_Size = 0x400

.isr_vector     0x0000000008000000      0x10c
                0x0000000008000000                . = ALIGN (0x4)
 *(.isr_vector)
 .isr_vector    0x0000000008000000      0x10c Core/Startup/startup_stm32f103c8tx.o
                0x0000000008000000                g_pfnVectors
                0x000000000800010c                . = ALIGN (0x4)

.text           0x0000000008000110     0x27e4
                0x0000000008000110                . = ALIGN (0x4)
 *(.text)
 .text          0x0000000008000110       0x40 d:/program file_d/stm32ide/stm32cubeide_1.1.0/stm32cubeide/plugins/com.st.stm32cube.ide.mcu.externaltools.gnu-tools-for-stm32.7-2018-q2-update.win32_1.0.0.201904181610/tools/bin/../lib/gcc/arm-none-eabi/7.3.1/thumb/v7-m/crtbegin.o
 .text          0x0000000008000150       0x10 d:/program file_d/stm32ide/stm32cubeide_1.1.0/stm32cubeide/plugins/com.st.stm32cube.ide.mcu.externaltools.gnu-tools-for-stm32.7-2018-q2-update.win32_1.0.0.201904181610/tools/bin/../lib/gcc/arm-none-eabi/7.3.1/../../../../arm-none-eabi/lib/thumb/v7-m\libc_nano.a(lib_a-strlen.o)
                0x0000000008000150                strlen
 .text          0x0000000008000160      0x378 d:/program file_d/stm32ide/stm32cubeide_1.1.0/stm32cubeide/plugins/com.st.stm32cube.ide.mcu.externaltools.gnu-tools-for-stm32.7-2018-q2-update.win32_1.0.0.201904181610/tools/bin/../lib/gcc/arm-none-eabi/7.3.1/thumb/v7-m\libgcc.a(_arm_addsubdf3.o)
                0x0000000008000160                __aeabi_drsub
                0x0000000008000168                __aeabi_dsub
                0x0000000008000168                __subdf3
                0x000000000800016c                __aeabi_dadd
                0x000000000800016c                __adddf3
                0x00000000080003e4                __floatunsidf
                0x00000000080003e4                __aeabi_ui2d
                0x0000000008000404                __floatsidf
                0x0000000008000404                __aeabi_i2d
                0x0000000008000428                __aeabi_f2d
                0x0000000008000428                __extendsfdf2
                0x000000000800046c                __floatundidf
                0x000000000800046c                __aeabi_ul2d
                0x000000000800047c                __floatdidf
                0x000000000800047c                __aeabi_l2d
 .text          0x00000000080004d8      0x424 d:/program file_d/stm32ide/stm32cubeide_1.1.0/stm32cubeide/plugins/com.st.stm32cube.ide.mcu.externaltools.gnu-tools-for-stm32.7-2018-q2-update.win32_1.0.0.201904181610/tools/bin/../lib/gcc/arm-none-eabi/7.3.1/thumb/v7-m\libgcc.a(_arm_muldivdf3.o)
                0x00000000080004d8                __aeabi_dmul
                0x00000000080004d8                __muldf3
                0x000000000800072c                __divdf3
                0x000000000800072c                __aeabi_ddiv
 .text          0x00000000080008fc       0xa0 d:/program file_d/stm32ide/stm32cubeide_1.1.0/stm32cubeide/plugins/com.st.stm32cube.ide.mcu.externaltools.gnu-tools-for-stm32.7-2018-q2-update.win32_1.0.0.201904181610/tools/bin/../lib/gcc/arm-none-eabi/7.3.1/thumb/v7-m\libgcc.a(_arm_truncdfsf2.o)
                0x00000000080008fc                __truncdfsf2
                0x00000000080008fc                __aeabi_d2f
 .text          0x000000000800099c      0x21c d:/program file_d/stm32ide/stm32cubeide_1.1.0/stm32cubeide/plugins/com.st.stm32cube.ide.mcu.externaltools.gnu-tools-for-stm32.7-2018-q2-update.win32_1.0.0.201904181610/tools/bin/../lib/gcc/arm-none-eabi/7.3.1/thumb/v7-m\libgcc.a(_arm_addsubsf3.o)
                0x000000000800099c                __aeabi_frsub
                0x00000000080009a4                __subsf3
                0x00000000080009a4                __aeabi_fsub
                0x00000000080009a8                __aeabi_fadd
                0x00000000080009a8                __addsf3
                0x0000000008000b08                __aeabi_ui2f
                0x0000000008000b08                __floatunsisf
                0x0000000008000b10                __aeabi_i2f
                0x0000000008000b10                __floatsisf
                0x0000000008000b2c                __aeabi_ul2f
                0x0000000008000b2c                __floatundisf
                0x0000000008000b3c                __aeabi_l2f
                0x0000000008000b3c                __floatdisf
 .text          0x0000000008000bb8       0xec d:/program file_d/stm32ide/stm32cubeide_1.1.0/stm32cubeide/plugins/com.st.stm32cube.ide.mcu.externaltools.gnu-tools-for-stm32.7-2018-q2-update.win32_1.0.0.201904181610/tools/bin/../lib/gcc/arm-none-eabi/7.3.1/thumb/v7-m\libgcc.a(_arm_cmpsf2.o)
                0x0000000008000bb8                __gesf2
                0x0000000008000bb8                __gtsf2
                0x0000000008000bc0                __lesf2
                0x0000000008000bc0                __ltsf2
                0x0000000008000bc8                __nesf2
                0x0000000008000bc8                __eqsf2
                0x0000000008000bc8                __cmpsf2
                0x0000000008000c28                __aeabi_cfrcmple
                0x0000000008000c30                __aeabi_cfcmpeq
                0x0000000008000c30                __aeabi_cfcmple
                0x0000000008000c40                __aeabi_fcmpeq
                0x0000000008000c54                __aeabi_fcmplt
                0x0000000008000c68                __aeabi_fcmple
                0x0000000008000c7c                __aeabi_fcmpge
                0x0000000008000c90                __aeabi_fcmpgt
 *(.text*)
 .text.DWT_Delay_Init
                0x0000000008000ca4       0x60 Core/Src/dwt_stm32_delay.o
                0x0000000008000ca4                DWT_Delay_Init
 .text.DWT_Delay_us
                0x0000000008000d04       0x44 Core/Src/hcsr04.o
 .text.HCSR04_Init
                0x0000000008000d48       0x3a Core/Src/hcsr04.o
                0x0000000008000d48                HCSR04_Init
 .text.HCSR04_Read
                0x0000000008000d82       0x92 Core/Src/hcsr04.o
                0x0000000008000d82                HCSR04_Read
 .text.HCSR04_CompareDistance
                0x0000000008000e14       0x36 Core/Src/hcsr04.o
                0x0000000008000e14                HCSR04_CompareDistance
 *fill*         0x0000000008000e4a        0x2 
 .text.UART_SendData
                0x0000000008000e4c       0x30 Core/Src/main.o
                0x0000000008000e4c                UART_SendData
 .text.UART_SendString
                0x0000000008000e7c       0x24 Core/Src/main.o
                0x0000000008000e7c                UART_SendString
 .text.main     0x0000000008000ea0      0x1d0 Core/Src/main.o
                0x0000000008000ea0                main
 .text.SystemClock_Config
                0x0000000008001070       0x76 Core/Src/main.o
                0x0000000008001070                SystemClock_Config
 *fill*         0x00000000080010e6        0x2 
 .text.MX_USART1_UART_Init
                0x00000000080010e8       0x54 Core/Src/main.o
 .text.MX_GPIO_Init
                0x000000000800113c       0xf8 Core/Src/main.o
 .text.Error_Handler
                0x0000000008001234        0xc Core/Src/main.o
                0x0000000008001234                Error_Handler
 .text.HAL_MspInit
                0x0000000008001240       0x64 Core/Src/stm32f1xx_hal_msp.o
                0x0000000008001240                HAL_MspInit
 .text.HAL_UART_MspInit
                0x00000000080012a4       0xb4 Core/Src/stm32f1xx_hal_msp.o
                0x00000000080012a4                HAL_UART_MspInit
 .text.NMI_Handler
                0x0000000008001358        0xc Core/Src/stm32f1xx_it.o
                0x0000000008001358                NMI_Handler
 .text.HardFault_Handler
                0x0000000008001364        0x6 Core/Src/stm32f1xx_it.o
                0x0000000008001364                HardFault_Handler
 .text.MemManage_Handler
                0x000000000800136a        0x6 Core/Src/stm32f1xx_it.o
                0x000000000800136a                MemManage_Handler
 .text.BusFault_Handler
                0x0000000008001370        0x6 Core/Src/stm32f1xx_it.o
                0x0000000008001370                BusFault_Handler
 .text.UsageFault_Handler
                0x0000000008001376        0x6 Core/Src/stm32f1xx_it.o
                0x0000000008001376                UsageFault_Handler
 .text.SVC_Handler
                0x000000000800137c        0xc Core/Src/stm32f1xx_it.o
                0x000000000800137c                SVC_Handler
 .text.DebugMon_Handler
                0x0000000008001388        0xc Core/Src/stm32f1xx_it.o
                0x0000000008001388                DebugMon_Handler
 .text.PendSV_Handler
                0x0000000008001394        0xc Core/Src/stm32f1xx_it.o
                0x0000000008001394                PendSV_Handler
 .text.SysTick_Handler
                0x00000000080013a0        0xc Core/Src/stm32f1xx_it.o
                0x00000000080013a0                SysTick_Handler
 .text._sbrk    0x00000000080013ac       0x58 Core/Src/sysmem.o
                0x00000000080013ac                _sbrk
 .text.SystemInit
                0x0000000008001404       0x68 Core/Src/system_stm32f1xx.o
                0x0000000008001404                SystemInit
 .text.Reset_Handler
                0x000000000800146c       0x48 Core/Startup/startup_stm32f103c8tx.o
                0x000000000800146c                Reset_Handler
 .text.Default_Handler
                0x00000000080014b4        0x2 Core/Startup/startup_stm32f103c8tx.o
                0x00000000080014b4                RTC_Alarm_IRQHandler
                0x00000000080014b4                EXTI2_IRQHandler
                0x00000000080014b4                TIM1_CC_IRQHandler
                0x00000000080014b4                PVD_IRQHandler
                0x00000000080014b4                EXTI3_IRQHandler
                0x00000000080014b4                EXTI0_IRQHandler
                0x00000000080014b4                I2C2_EV_IRQHandler
                0x00000000080014b4                ADC1_2_IRQHandler
                0x00000000080014b4                SPI1_IRQHandler
                0x00000000080014b4                TAMPER_IRQHandler
                0x00000000080014b4                DMA1_Channel4_IRQHandler
                0x00000000080014b4                USART3_IRQHandler
                0x00000000080014b4                RTC_IRQHandler
                0x00000000080014b4                DMA1_Channel7_IRQHandler
                0x00000000080014b4                CAN1_RX1_IRQHandler
                0x00000000080014b4                TIM4_IRQHandler
                0x00000000080014b4                I2C1_EV_IRQHandler
                0x00000000080014b4                DMA1_Channel6_IRQHandler
                0x00000000080014b4                TIM3_IRQHandler
                0x00000000080014b4                RCC_IRQHandler
                0x00000000080014b4                TIM1_TRG_COM_IRQHandler
                0x00000000080014b4                DMA1_Channel1_IRQHandler
                0x00000000080014b4                Default_Handler
                0x00000000080014b4                EXTI15_10_IRQHandler
                0x00000000080014b4                EXTI9_5_IRQHandler
                0x00000000080014b4                SPI2_IRQHandler
                0x00000000080014b4                DMA1_Channel5_IRQHandler
                0x00000000080014b4                EXTI4_IRQHandler
                0x00000000080014b4                USB_LP_CAN1_RX0_IRQHandler
                0x00000000080014b4                USB_HP_CAN1_TX_IRQHandler
                0x00000000080014b4                DMA1_Channel3_IRQHandler
                0x00000000080014b4                TIM1_UP_IRQHandler
                0x00000000080014b4                WWDG_IRQHandler
                0x00000000080014b4                TIM2_IRQHandler
                0x00000000080014b4                TIM1_BRK_IRQHandler
                0x00000000080014b4                EXTI1_IRQHandler
                0x00000000080014b4                USART2_IRQHandler
                0x00000000080014b4                I2C2_ER_IRQHandler
                0x00000000080014b4                DMA1_Channel2_IRQHandler
                0x00000000080014b4                CAN1_SCE_IRQHandler
                0x00000000080014b4                FLASH_IRQHandler
                0x00000000080014b4                USART1_IRQHandler
                0x00000000080014b4                I2C1_ER_IRQHandler
                0x00000000080014b4                USBWakeUp_IRQHandler
 *fill*         0x00000000080014b6        0x2 
 .text.HAL_Init
                0x00000000080014b8       0x2c Drivers/STM32F1xx_HAL_Driver/Src/stm32f1xx_hal.o
                0x00000000080014b8                HAL_Init
 .text.HAL_InitTick
                0x00000000080014e4       0x60 Drivers/STM32F1xx_HAL_Driver/Src/stm32f1xx_hal.o
                0x00000000080014e4                HAL_InitTick
 .text.HAL_IncTick
                0x0000000008001544       0x24 Drivers/STM32F1xx_HAL_Driver/Src/stm32f1xx_hal.o
                0x0000000008001544                HAL_IncTick
 .text.HAL_GetTick
                0x0000000008001568       0x14 Drivers/STM32F1xx_HAL_Driver/Src/stm32f1xx_hal.o
                0x0000000008001568                HAL_GetTick
 .text.HAL_Delay
                0x000000000800157c       0x44 Drivers/STM32F1xx_HAL_Driver/Src/stm32f1xx_hal.o
                0x000000000800157c                HAL_Delay
 .text.__NVIC_SetPriorityGrouping
                0x00000000080015c0       0x48 Drivers/STM32F1xx_HAL_Driver/Src/stm32f1xx_hal_cortex.o
 .text.__NVIC_GetPriorityGrouping
                0x0000000008001608       0x1c Drivers/STM32F1xx_HAL_Driver/Src/stm32f1xx_hal_cortex.o
 .text.__NVIC_SetPriority
                0x0000000008001624       0x54 Drivers/STM32F1xx_HAL_Driver/Src/stm32f1xx_hal_cortex.o
 .text.NVIC_EncodePriority
                0x0000000008001678       0x64 Drivers/STM32F1xx_HAL_Driver/Src/stm32f1xx_hal_cortex.o
 .text.SysTick_Config
                0x00000000080016dc       0x44 Drivers/STM32F1xx_HAL_Driver/Src/stm32f1xx_hal_cortex.o
 .text.HAL_NVIC_SetPriorityGrouping
                0x0000000008001720       0x16 Drivers/STM32F1xx_HAL_Driver/Src/stm32f1xx_hal_cortex.o
                0x0000000008001720                HAL_NVIC_SetPriorityGrouping
 .text.HAL_NVIC_SetPriority
                0x0000000008001736       0x38 Drivers/STM32F1xx_HAL_Driver/Src/stm32f1xx_hal_cortex.o
                0x0000000008001736                HAL_NVIC_SetPriority
 .text.HAL_SYSTICK_Config
                0x000000000800176e       0x18 Drivers/STM32F1xx_HAL_Driver/Src/stm32f1xx_hal_cortex.o
                0x000000000800176e                HAL_SYSTICK_Config
 *fill*         0x0000000008001786        0x2 
 .text.HAL_GPIO_Init
                0x0000000008001788      0x2b4 Drivers/STM32F1xx_HAL_Driver/Src/stm32f1xx_hal_gpio.o
                0x0000000008001788                HAL_GPIO_Init
 .text.HAL_GPIO_ReadPin
                0x0000000008001a3c       0x2e Drivers/STM32F1xx_HAL_Driver/Src/stm32f1xx_hal_gpio.o
                0x0000000008001a3c                HAL_GPIO_ReadPin
 .text.HAL_GPIO_WritePin
                0x0000000008001a6a       0x30 Drivers/STM32F1xx_HAL_Driver/Src/stm32f1xx_hal_gpio.o
                0x0000000008001a6a                HAL_GPIO_WritePin
 *fill*         0x0000000008001a9a        0x2 
 .text.HAL_RCC_OscConfig
                0x0000000008001a9c      0x500 Drivers/STM32F1xx_HAL_Driver/Src/stm32f1xx_hal_rcc.o
                0x0000000008001a9c                HAL_RCC_OscConfig
 .text.HAL_RCC_ClockConfig
                0x0000000008001f9c      0x1d4 Drivers/STM32F1xx_HAL_Driver/Src/stm32f1xx_hal_rcc.o
                0x0000000008001f9c                HAL_RCC_ClockConfig
 .text.HAL_RCC_GetSysClockFreq
                0x0000000008002170       0xc4 Drivers/STM32F1xx_HAL_Driver/Src/stm32f1xx_hal_rcc.o
                0x0000000008002170                HAL_RCC_GetSysClockFreq
 .text.HAL_RCC_GetHCLKFreq
                0x0000000008002234       0x14 Drivers/STM32F1xx_HAL_Driver/Src/stm32f1xx_hal_rcc.o
                0x0000000008002234                HAL_RCC_GetHCLKFreq
 .text.HAL_RCC_GetPCLK1Freq
                0x0000000008002248       0x28 Drivers/STM32F1xx_HAL_Driver/Src/stm32f1xx_hal_rcc.o
                0x0000000008002248                HAL_RCC_GetPCLK1Freq
 .text.HAL_RCC_GetPCLK2Freq
                0x0000000008002270       0x28 Drivers/STM32F1xx_HAL_Driver/Src/stm32f1xx_hal_rcc.o
                0x0000000008002270                HAL_RCC_GetPCLK2Freq
 .text.RCC_Delay
                0x0000000008002298       0x3c Drivers/STM32F1xx_HAL_Driver/Src/stm32f1xx_hal_rcc.o
 .text.HAL_UART_Init
                0x00000000080022d4       0x9a Drivers/STM32F1xx_HAL_Driver/Src/stm32f1xx_hal_uart.o
                0x00000000080022d4                HAL_UART_Init
 .text.HAL_UART_Transmit
                0x000000000800236e      0x132 Drivers/STM32F1xx_HAL_Driver/Src/stm32f1xx_hal_uart.o
                0x000000000800236e                HAL_UART_Transmit
 .text.UART_WaitOnFlagUntilTimeout
                0x00000000080024a0       0x94 Drivers/STM32F1xx_HAL_Driver/Src/stm32f1xx_hal_uart.o
 .text.UART_SetConfig
                0x0000000008002534      0x1b4 Drivers/STM32F1xx_HAL_Driver/Src/stm32f1xx_hal_uart.o
 .text.__errno  0x00000000080026e8        0xc d:/program file_d/stm32ide/stm32cubeide_1.1.0/stm32cubeide/plugins/com.st.stm32cube.ide.mcu.externaltools.gnu-tools-for-stm32.7-2018-q2-update.win32_1.0.0.201904181610/tools/bin/../lib/gcc/arm-none-eabi/7.3.1/../../../../arm-none-eabi/lib/thumb/v7-m\libc_nano.a(lib_a-errno.o)
                0x00000000080026e8                __errno
 .text.__libc_init_array
                0x00000000080026f4       0x48 d:/program file_d/stm32ide/stm32cubeide_1.1.0/stm32cubeide/plugins/com.st.stm32cube.ide.mcu.externaltools.gnu-tools-for-stm32.7-2018-q2-update.win32_1.0.0.201904181610/tools/bin/../lib/gcc/arm-none-eabi/7.3.1/../../../../arm-none-eabi/lib/thumb/v7-m\libc_nano.a(lib_a-init.o)
                0x00000000080026f4                __libc_init_array
 .text.malloc   0x000000000800273c       0x10 d:/program file_d/stm32ide/stm32cubeide_1.1.0/stm32cubeide/plugins/com.st.stm32cube.ide.mcu.externaltools.gnu-tools-for-stm32.7-2018-q2-update.win32_1.0.0.201904181610/tools/bin/../lib/gcc/arm-none-eabi/7.3.1/../../../../arm-none-eabi/lib/thumb/v7-m\libc_nano.a(lib_a-malloc.o)
                0x000000000800273c                malloc
 .text.free     0x000000000800274c       0x10 d:/program file_d/stm32ide/stm32cubeide_1.1.0/stm32cubeide/plugins/com.st.stm32cube.ide.mcu.externaltools.gnu-tools-for-stm32.7-2018-q2-update.win32_1.0.0.201904181610/tools/bin/../lib/gcc/arm-none-eabi/7.3.1/../../../../arm-none-eabi/lib/thumb/v7-m\libc_nano.a(lib_a-malloc.o)
                0x000000000800274c                free
 .text.memset   0x000000000800275c       0x10 d:/program file_d/stm32ide/stm32cubeide_1.1.0/stm32cubeide/plugins/com.st.stm32cube.ide.mcu.externaltools.gnu-tools-for-stm32.7-2018-q2-update.win32_1.0.0.201904181610/tools/bin/../lib/gcc/arm-none-eabi/7.3.1/../../../../arm-none-eabi/lib/thumb/v7-m\libc_nano.a(lib_a-memset.o)
                0x000000000800275c                memset
 .text._free_r  0x000000000800276c       0x98 d:/program file_d/stm32ide/stm32cubeide_1.1.0/stm32cubeide/plugins/com.st.stm32cube.ide.mcu.externaltools.gnu-tools-for-stm32.7-2018-q2-update.win32_1.0.0.201904181610/tools/bin/../lib/gcc/arm-none-eabi/7.3.1/../../../../arm-none-eabi/lib/thumb/v7-m\libc_nano.a(lib_a-nano-freer.o)
                0x000000000800276c                _free_r
 .text._malloc_r
                0x0000000008002804       0xb4 d:/program file_d/stm32ide/stm32cubeide_1.1.0/stm32cubeide/plugins/com.st.stm32cube.ide.mcu.externaltools.gnu-tools-for-stm32.7-2018-q2-update.win32_1.0.0.201904181610/tools/bin/../lib/gcc/arm-none-eabi/7.3.1/../../../../arm-none-eabi/lib/thumb/v7-m\libc_nano.a(lib_a-nano-mallocr.o)
                0x0000000008002804                _malloc_r
 .text._sbrk_r  0x00000000080028b8       0x20 d:/program file_d/stm32ide/stm32cubeide_1.1.0/stm32cubeide/plugins/com.st.stm32cube.ide.mcu.externaltools.gnu-tools-for-stm32.7-2018-q2-update.win32_1.0.0.201904181610/tools/bin/../lib/gcc/arm-none-eabi/7.3.1/../../../../arm-none-eabi/lib/thumb/v7-m\libc_nano.a(lib_a-sbrkr.o)
                0x00000000080028b8                _sbrk_r
 .text.__malloc_lock
                0x00000000080028d8        0x2 d:/program file_d/stm32ide/stm32cubeide_1.1.0/stm32cubeide/plugins/com.st.stm32cube.ide.mcu.externaltools.gnu-tools-for-stm32.7-2018-q2-update.win32_1.0.0.201904181610/tools/bin/../lib/gcc/arm-none-eabi/7.3.1/../../../../arm-none-eabi/lib/thumb/v7-m\libc_nano.a(lib_a-mlock.o)
                0x00000000080028d8                __malloc_lock
 .text.__malloc_unlock
                0x00000000080028da        0x2 d:/program file_d/stm32ide/stm32cubeide_1.1.0/stm32cubeide/plugins/com.st.stm32cube.ide.mcu.externaltools.gnu-tools-for-stm32.7-2018-q2-update.win32_1.0.0.201904181610/tools/bin/../lib/gcc/arm-none-eabi/7.3.1/../../../../arm-none-eabi/lib/thumb/v7-m\libc_nano.a(lib_a-mlock.o)
                0x00000000080028da                __malloc_unlock
 *(.glue_7)
 .glue_7        0x00000000080028dc        0x0 linker stubs
 *(.glue_7t)
 .glue_7t       0x00000000080028dc        0x0 linker stubs
 *(.eh_frame)
 .eh_frame      0x00000000080028dc        0x0 d:/program file_d/stm32ide/stm32cubeide_1.1.0/stm32cubeide/plugins/com.st.stm32cube.ide.mcu.externaltools.gnu-tools-for-stm32.7-2018-q2-update.win32_1.0.0.201904181610/tools/bin/../lib/gcc/arm-none-eabi/7.3.1/thumb/v7-m/crtbegin.o
 *(.init)
 .init          0x00000000080028dc        0x4 d:/program file_d/stm32ide/stm32cubeide_1.1.0/stm32cubeide/plugins/com.st.stm32cube.ide.mcu.externaltools.gnu-tools-for-stm32.7-2018-q2-update.win32_1.0.0.201904181610/tools/bin/../lib/gcc/arm-none-eabi/7.3.1/thumb/v7-m/crti.o
                0x00000000080028dc                _init
 .init          0x00000000080028e0        0x8 d:/program file_d/stm32ide/stm32cubeide_1.1.0/stm32cubeide/plugins/com.st.stm32cube.ide.mcu.externaltools.gnu-tools-for-stm32.7-2018-q2-update.win32_1.0.0.201904181610/tools/bin/../lib/gcc/arm-none-eabi/7.3.1/thumb/v7-m/crtn.o
 *(.fini)
 .fini          0x00000000080028e8        0x4 d:/program file_d/stm32ide/stm32cubeide_1.1.0/stm32cubeide/plugins/com.st.stm32cube.ide.mcu.externaltools.gnu-tools-for-stm32.7-2018-q2-update.win32_1.0.0.201904181610/tools/bin/../lib/gcc/arm-none-eabi/7.3.1/thumb/v7-m/crti.o
                0x00000000080028e8                _fini
 .fini          0x00000000080028ec        0x8 d:/program file_d/stm32ide/stm32cubeide_1.1.0/stm32cubeide/plugins/com.st.stm32cube.ide.mcu.externaltools.gnu-tools-for-stm32.7-2018-q2-update.win32_1.0.0.201904181610/tools/bin/../lib/gcc/arm-none-eabi/7.3.1/thumb/v7-m/crtn.o
                0x00000000080028f4                . = ALIGN (0x4)
                0x00000000080028f4                _etext = .

.vfp11_veneer   0x00000000080028f4        0x0
 .vfp11_veneer  0x00000000080028f4        0x0 linker stubs

.v4_bx          0x00000000080028f4        0x0
 .v4_bx         0x00000000080028f4        0x0 linker stubs

.iplt           0x00000000080028f4        0x0
 .iplt          0x00000000080028f4        0x0 d:/program file_d/stm32ide/stm32cubeide_1.1.0/stm32cubeide/plugins/com.st.stm32cube.ide.mcu.externaltools.gnu-tools-for-stm32.7-2018-q2-update.win32_1.0.0.201904181610/tools/bin/../lib/gcc/arm-none-eabi/7.3.1/thumb/v7-m/crtbegin.o

.rodata         0x00000000080028f4       0x6c
                0x00000000080028f4                . = ALIGN (0x4)
 *(.rodata)
 .rodata        0x00000000080028f4       0x3d Core/Src/main.o
 *fill*         0x0000000008002931        0x3 
 .rodata        0x0000000008002934       0x12 Drivers/STM32F1xx_HAL_Driver/Src/stm32f1xx_hal_rcc.o
 *(.rodata*)
 *fill*         0x0000000008002946        0x2 
 .rodata.AHBPrescTable
                0x0000000008002948       0x10 Core/Src/system_stm32f1xx.o
                0x0000000008002948                AHBPrescTable
 .rodata.APBPrescTable
                0x0000000008002958        0x8 Core/Src/system_stm32f1xx.o
                0x0000000008002958                APBPrescTable
                0x0000000008002960                . = ALIGN (0x4)

.rel.dyn        0x0000000008002960        0x0
 .rel.iplt      0x0000000008002960        0x0 d:/program file_d/stm32ide/stm32cubeide_1.1.0/stm32cubeide/plugins/com.st.stm32cube.ide.mcu.externaltools.gnu-tools-for-stm32.7-2018-q2-update.win32_1.0.0.201904181610/tools/bin/../lib/gcc/arm-none-eabi/7.3.1/thumb/v7-m/crtbegin.o

.ARM.extab      0x0000000008002960        0x0
                0x0000000008002960                . = ALIGN (0x4)
 *(.ARM.extab* .gnu.linkonce.armextab.*)
                0x0000000008002960                . = ALIGN (0x4)

.ARM            0x0000000008002960        0x0
                0x0000000008002960                . = ALIGN (0x4)
                0x0000000008002960                __exidx_start = .
 *(.ARM.exidx*)
                0x0000000008002960                __exidx_end = .
                0x0000000008002960                . = ALIGN (0x4)

.preinit_array  0x0000000008002960        0x0
                0x0000000008002960                . = ALIGN (0x4)
                0x0000000008002960                PROVIDE (__preinit_array_start = .)
 *(.preinit_array*)
                0x0000000008002960                PROVIDE (__preinit_array_end = .)
                0x0000000008002960                . = ALIGN (0x4)

.init_array     0x0000000008002960        0x4
                0x0000000008002960                . = ALIGN (0x4)
                0x0000000008002960                PROVIDE (__init_array_start = .)
 *(SORT_BY_NAME(.init_array.*))
 *(.init_array*)
 .init_array    0x0000000008002960        0x4 d:/program file_d/stm32ide/stm32cubeide_1.1.0/stm32cubeide/plugins/com.st.stm32cube.ide.mcu.externaltools.gnu-tools-for-stm32.7-2018-q2-update.win32_1.0.0.201904181610/tools/bin/../lib/gcc/arm-none-eabi/7.3.1/thumb/v7-m/crtbegin.o
                0x0000000008002964                PROVIDE (__init_array_end = .)
                0x0000000008002964                . = ALIGN (0x4)

.fini_array     0x0000000008002964        0x4
                0x0000000008002964                . = ALIGN (0x4)
                [!provide]                        PROVIDE (__fini_array_start = .)
 *(SORT_BY_NAME(.fini_array.*))
 *(.fini_array*)
 .fini_array    0x0000000008002964        0x4 d:/program file_d/stm32ide/stm32cubeide_1.1.0/stm32cubeide/plugins/com.st.stm32cube.ide.mcu.externaltools.gnu-tools-for-stm32.7-2018-q2-update.win32_1.0.0.201904181610/tools/bin/../lib/gcc/arm-none-eabi/7.3.1/thumb/v7-m/crtbegin.o
                [!provide]                        PROVIDE (__fini_array_end = .)
                0x0000000008002968                . = ALIGN (0x4)
                0x0000000008002968                _sidata = LOADADDR (.data)

.data           0x0000000020000000       0x70 load address 0x0000000008002968
                0x0000000020000000                . = ALIGN (0x4)
                0x0000000020000000                _sdata = .
 *(.data)
 *(.data*)
 .data.SystemCoreClock
                0x0000000020000000        0x4 Core/Src/system_stm32f1xx.o
                0x0000000020000000                SystemCoreClock
 .data.uwTickPrio
                0x0000000020000004        0x4 Drivers/STM32F1xx_HAL_Driver/Src/stm32f1xx_hal.o
                0x0000000020000004                uwTickPrio
 .data.uwTickFreq
                0x0000000020000008        0x1 Drivers/STM32F1xx_HAL_Driver/Src/stm32f1xx_hal.o
                0x0000000020000008                uwTickFreq
 *fill*         0x0000000020000009        0x3 
 .data._impure_ptr
                0x000000002000000c        0x4 d:/program file_d/stm32ide/stm32cubeide_1.1.0/stm32cubeide/plugins/com.st.stm32cube.ide.mcu.externaltools.gnu-tools-for-stm32.7-2018-q2-update.win32_1.0.0.201904181610/tools/bin/../lib/gcc/arm-none-eabi/7.3.1/../../../../arm-none-eabi/lib/thumb/v7-m\libc_nano.a(lib_a-impure.o)
                0x000000002000000c                _impure_ptr
 .data.impure_data
                0x0000000020000010       0x60 d:/program file_d/stm32ide/stm32cubeide_1.1.0/stm32cubeide/plugins/com.st.stm32cube.ide.mcu.externaltools.gnu-tools-for-stm32.7-2018-q2-update.win32_1.0.0.201904181610/tools/bin/../lib/gcc/arm-none-eabi/7.3.1/../../../../arm-none-eabi/lib/thumb/v7-m\libc_nano.a(lib_a-impure.o)
                0x0000000020000070                . = ALIGN (0x4)
                0x0000000020000070                _edata = .

.igot.plt       0x0000000020000070        0x0 load address 0x00000000080029d8
 .igot.plt      0x0000000020000070        0x0 d:/program file_d/stm32ide/stm32cubeide_1.1.0/stm32cubeide/plugins/com.st.stm32cube.ide.mcu.externaltools.gnu-tools-for-stm32.7-2018-q2-update.win32_1.0.0.201904181610/tools/bin/../lib/gcc/arm-none-eabi/7.3.1/thumb/v7-m/crtbegin.o
                0x0000000020000070                . = ALIGN (0x4)

.bss            0x0000000020000070       0x70 load address 0x00000000080029d8
                0x0000000020000070                _sbss = .
                0x0000000020000070                __bss_start__ = _sbss
 *(.bss)
 .bss           0x0000000020000070       0x1c d:/program file_d/stm32ide/stm32cubeide_1.1.0/stm32cubeide/plugins/com.st.stm32cube.ide.mcu.externaltools.gnu-tools-for-stm32.7-2018-q2-update.win32_1.0.0.201904181610/tools/bin/../lib/gcc/arm-none-eabi/7.3.1/thumb/v7-m/crtbegin.o
 *(.bss*)
 .bss.heap_end.5149
                0x000000002000008c        0x4 Core/Src/sysmem.o
 .bss.__malloc_free_list
                0x0000000020000090        0x4 d:/program file_d/stm32ide/stm32cubeide_1.1.0/stm32cubeide/plugins/com.st.stm32cube.ide.mcu.externaltools.gnu-tools-for-stm32.7-2018-q2-update.win32_1.0.0.201904181610/tools/bin/../lib/gcc/arm-none-eabi/7.3.1/../../../../arm-none-eabi/lib/thumb/v7-m\libc_nano.a(lib_a-nano-mallocr.o)
                0x0000000020000090                __malloc_free_list
 .bss.__malloc_sbrk_start
                0x0000000020000094        0x4 d:/program file_d/stm32ide/stm32cubeide_1.1.0/stm32cubeide/plugins/com.st.stm32cube.ide.mcu.externaltools.gnu-tools-for-stm32.7-2018-q2-update.win32_1.0.0.201904181610/tools/bin/../lib/gcc/arm-none-eabi/7.3.1/../../../../arm-none-eabi/lib/thumb/v7-m\libc_nano.a(lib_a-nano-mallocr.o)
                0x0000000020000094                __malloc_sbrk_start
 *(COMMON)
 COMMON         0x0000000020000098       0x40 Core/Src/main.o
                0x0000000020000098                huart1
 COMMON         0x00000000200000d8        0x4 Drivers/STM32F1xx_HAL_Driver/Src/stm32f1xx_hal.o
                0x00000000200000d8                uwTick
 COMMON         0x00000000200000dc        0x4 d:/program file_d/stm32ide/stm32cubeide_1.1.0/stm32cubeide/plugins/com.st.stm32cube.ide.mcu.externaltools.gnu-tools-for-stm32.7-2018-q2-update.win32_1.0.0.201904181610/tools/bin/../lib/gcc/arm-none-eabi/7.3.1/../../../../arm-none-eabi/lib/thumb/v7-m\libc_nano.a(lib_a-reent.o)
                0x00000000200000dc                errno
                0x00000000200000e0                . = ALIGN (0x4)
                0x00000000200000e0                _ebss = .
                0x00000000200000e0                __bss_end__ = _ebss

._user_heap_stack
                0x00000000200000e0      0x600 load address 0x00000000080029d8
                0x00000000200000e0                . = ALIGN (0x8)
                0x00000000200000e0                PROVIDE (end = .)
                [!provide]                        PROVIDE (_end = .)
                0x00000000200002e0                . = (. + _Min_Heap_Size)
 *fill*         0x00000000200000e0      0x200 
                0x00000000200006e0                . = (. + _Min_Stack_Size)
 *fill*         0x00000000200002e0      0x400 
                0x00000000200006e0                . = ALIGN (0x8)

/DISCARD/
 libc.a(*)
 libm.a(*)
 libgcc.a(*)

.ARM.attributes
                0x0000000000000000       0x29
 *(.ARM.attributes)
 .ARM.attributes
                0x0000000000000000       0x1d d:/program file_d/stm32ide/stm32cubeide_1.1.0/stm32cubeide/plugins/com.st.stm32cube.ide.mcu.externaltools.gnu-tools-for-stm32.7-2018-q2-update.win32_1.0.0.201904181610/tools/bin/../lib/gcc/arm-none-eabi/7.3.1/thumb/v7-m/crti.o
 .ARM.attributes
                0x000000000000001d       0x2d d:/program file_d/stm32ide/stm32cubeide_1.1.0/stm32cubeide/plugins/com.st.stm32cube.ide.mcu.externaltools.gnu-tools-for-stm32.7-2018-q2-update.win32_1.0.0.201904181610/tools/bin/../lib/gcc/arm-none-eabi/7.3.1/thumb/v7-m/crtbegin.o
 .ARM.attributes
                0x000000000000004a       0x33 Core/Src/dwt_stm32_delay.o
 .ARM.attributes
                0x000000000000007d       0x33 Core/Src/hcsr04.o
 .ARM.attributes
                0x00000000000000b0       0x33 Core/Src/main.o
 .ARM.attributes
                0x00000000000000e3       0x33 Core/Src/stm32f1xx_hal_msp.o
 .ARM.attributes
                0x0000000000000116       0x33 Core/Src/stm32f1xx_it.o
 .ARM.attributes
                0x0000000000000149       0x33 Core/Src/sysmem.o
 .ARM.attributes
                0x000000000000017c       0x33 Core/Src/system_stm32f1xx.o
 .ARM.attributes
                0x00000000000001af       0x21 Core/Startup/startup_stm32f103c8tx.o
 .ARM.attributes
                0x00000000000001d0       0x33 Drivers/STM32F1xx_HAL_Driver/Src/stm32f1xx_hal.o
 .ARM.attributes
                0x0000000000000203       0x33 Drivers/STM32F1xx_HAL_Driver/Src/stm32f1xx_hal_cortex.o
 .ARM.attributes
                0x0000000000000236       0x33 Drivers/STM32F1xx_HAL_Driver/Src/stm32f1xx_hal_gpio.o
 .ARM.attributes
                0x0000000000000269       0x33 Drivers/STM32F1xx_HAL_Driver/Src/stm32f1xx_hal_rcc.o
 .ARM.attributes
                0x000000000000029c       0x33 Drivers/STM32F1xx_HAL_Driver/Src/stm32f1xx_hal_uart.o
 .ARM.attributes
                0x00000000000002cf       0x2d d:/program file_d/stm32ide/stm32cubeide_1.1.0/stm32cubeide/plugins/com.st.stm32cube.ide.mcu.externaltools.gnu-tools-for-stm32.7-2018-q2-update.win32_1.0.0.201904181610/tools/bin/../lib/gcc/arm-none-eabi/7.3.1/../../../../arm-none-eabi/lib/thumb/v7-m\libc_nano.a(lib_a-errno.o)
 .ARM.attributes
                0x00000000000002fc       0x2d d:/program file_d/stm32ide/stm32cubeide_1.1.0/stm32cubeide/plugins/com.st.stm32cube.ide.mcu.externaltools.gnu-tools-for-stm32.7-2018-q2-update.win32_1.0.0.201904181610/tools/bin/../lib/gcc/arm-none-eabi/7.3.1/../../../../arm-none-eabi/lib/thumb/v7-m\libc_nano.a(lib_a-impure.o)
 .ARM.attributes
                0x0000000000000329       0x2d d:/program file_d/stm32ide/stm32cubeide_1.1.0/stm32cubeide/plugins/com.st.stm32cube.ide.mcu.externaltools.gnu-tools-for-stm32.7-2018-q2-update.win32_1.0.0.201904181610/tools/bin/../lib/gcc/arm-none-eabi/7.3.1/../../../../arm-none-eabi/lib/thumb/v7-m\libc_nano.a(lib_a-init.o)
 .ARM.attributes
                0x0000000000000356       0x2d d:/program file_d/stm32ide/stm32cubeide_1.1.0/stm32cubeide/plugins/com.st.stm32cube.ide.mcu.externaltools.gnu-tools-for-stm32.7-2018-q2-update.win32_1.0.0.201904181610/tools/bin/../lib/gcc/arm-none-eabi/7.3.1/../../../../arm-none-eabi/lib/thumb/v7-m\libc_nano.a(lib_a-malloc.o)
 .ARM.attributes
                0x0000000000000383       0x2d d:/program file_d/stm32ide/stm32cubeide_1.1.0/stm32cubeide/plugins/com.st.stm32cube.ide.mcu.externaltools.gnu-tools-for-stm32.7-2018-q2-update.win32_1.0.0.201904181610/tools/bin/../lib/gcc/arm-none-eabi/7.3.1/../../../../arm-none-eabi/lib/thumb/v7-m\libc_nano.a(lib_a-memset.o)
 .ARM.attributes
                0x00000000000003b0       0x2d d:/program file_d/stm32ide/stm32cubeide_1.1.0/stm32cubeide/plugins/com.st.stm32cube.ide.mcu.externaltools.gnu-tools-for-stm32.7-2018-q2-update.win32_1.0.0.201904181610/tools/bin/../lib/gcc/arm-none-eabi/7.3.1/../../../../arm-none-eabi/lib/thumb/v7-m\libc_nano.a(lib_a-nano-freer.o)
 .ARM.attributes
                0x00000000000003dd       0x2d d:/program file_d/stm32ide/stm32cubeide_1.1.0/stm32cubeide/plugins/com.st.stm32cube.ide.mcu.externaltools.gnu-tools-for-stm32.7-2018-q2-update.win32_1.0.0.201904181610/tools/bin/../lib/gcc/arm-none-eabi/7.3.1/../../../../arm-none-eabi/lib/thumb/v7-m\libc_nano.a(lib_a-nano-mallocr.o)
 .ARM.attributes
                0x000000000000040a       0x2d d:/program file_d/stm32ide/stm32cubeide_1.1.0/stm32cubeide/plugins/com.st.stm32cube.ide.mcu.externaltools.gnu-tools-for-stm32.7-2018-q2-update.win32_1.0.0.201904181610/tools/bin/../lib/gcc/arm-none-eabi/7.3.1/../../../../arm-none-eabi/lib/thumb/v7-m\libc_nano.a(lib_a-sbrkr.o)
 .ARM.attributes
                0x0000000000000437       0x17 d:/program file_d/stm32ide/stm32cubeide_1.1.0/stm32cubeide/plugins/com.st.stm32cube.ide.mcu.externaltools.gnu-tools-for-stm32.7-2018-q2-update.win32_1.0.0.201904181610/tools/bin/../lib/gcc/arm-none-eabi/7.3.1/../../../../arm-none-eabi/lib/thumb/v7-m\libc_nano.a(lib_a-strlen.o)
 .ARM.attributes
                0x000000000000044e       0x2d d:/program file_d/stm32ide/stm32cubeide_1.1.0/stm32cubeide/plugins/com.st.stm32cube.ide.mcu.externaltools.gnu-tools-for-stm32.7-2018-q2-update.win32_1.0.0.201904181610/tools/bin/../lib/gcc/arm-none-eabi/7.3.1/../../../../arm-none-eabi/lib/thumb/v7-m\libc_nano.a(lib_a-mlock.o)
 .ARM.attributes
                0x000000000000047b       0x2d d:/program file_d/stm32ide/stm32cubeide_1.1.0/stm32cubeide/plugins/com.st.stm32cube.ide.mcu.externaltools.gnu-tools-for-stm32.7-2018-q2-update.win32_1.0.0.201904181610/tools/bin/../lib/gcc/arm-none-eabi/7.3.1/../../../../arm-none-eabi/lib/thumb/v7-m\libc_nano.a(lib_a-reent.o)
 .ARM.attributes
                0x00000000000004a8       0x1d d:/program file_d/stm32ide/stm32cubeide_1.1.0/stm32cubeide/plugins/com.st.stm32cube.ide.mcu.externaltools.gnu-tools-for-stm32.7-2018-q2-update.win32_1.0.0.201904181610/tools/bin/../lib/gcc/arm-none-eabi/7.3.1/thumb/v7-m\libgcc.a(_arm_addsubdf3.o)
 .ARM.attributes
                0x00000000000004c5       0x1d d:/program file_d/stm32ide/stm32cubeide_1.1.0/stm32cubeide/plugins/com.st.stm32cube.ide.mcu.externaltools.gnu-tools-for-stm32.7-2018-q2-update.win32_1.0.0.201904181610/tools/bin/../lib/gcc/arm-none-eabi/7.3.1/thumb/v7-m\libgcc.a(_arm_muldivdf3.o)
 .ARM.attributes
                0x00000000000004e2       0x1d d:/program file_d/stm32ide/stm32cubeide_1.1.0/stm32cubeide/plugins/com.st.stm32cube.ide.mcu.externaltools.gnu-tools-for-stm32.7-2018-q2-update.win32_1.0.0.201904181610/tools/bin/../lib/gcc/arm-none-eabi/7.3.1/thumb/v7-m\libgcc.a(_arm_truncdfsf2.o)
 .ARM.attributes
                0x00000000000004ff       0x1d d:/program file_d/stm32ide/stm32cubeide_1.1.0/stm32cubeide/plugins/com.st.stm32cube.ide.mcu.externaltools.gnu-tools-for-stm32.7-2018-q2-update.win32_1.0.0.201904181610/tools/bin/../lib/gcc/arm-none-eabi/7.3.1/thumb/v7-m\libgcc.a(_arm_addsubsf3.o)
 .ARM.attributes
                0x000000000000051c       0x1d d:/program file_d/stm32ide/stm32cubeide_1.1.0/stm32cubeide/plugins/com.st.stm32cube.ide.mcu.externaltools.gnu-tools-for-stm32.7-2018-q2-update.win32_1.0.0.201904181610/tools/bin/../lib/gcc/arm-none-eabi/7.3.1/thumb/v7-m\libgcc.a(_arm_cmpsf2.o)
 .ARM.attributes
                0x0000000000000539       0x1d d:/program file_d/stm32ide/stm32cubeide_1.1.0/stm32cubeide/plugins/com.st.stm32cube.ide.mcu.externaltools.gnu-tools-for-stm32.7-2018-q2-update.win32_1.0.0.201904181610/tools/bin/../lib/gcc/arm-none-eabi/7.3.1/thumb/v7-m/crtn.o
OUTPUT(blink.elf elf32-littlearm)

.debug_info     0x0000000000000000     0x649c
 .debug_info    0x0000000000000000      0x31b Core/Src/dwt_stm32_delay.o
 .debug_info    0x000000000000031b      0x4da Core/Src/hcsr04.o
 .debug_info    0x00000000000007f5     0x124d Core/Src/main.o
 .debug_info    0x0000000000001a42      0x843 Core/Src/stm32f1xx_hal_msp.o
 .debug_info    0x0000000000002285      0x1fa Core/Src/stm32f1xx_it.o
 .debug_info    0x000000000000247f      0x91c Core/Src/sysmem.o
 .debug_info    0x0000000000002d9b      0x433 Core/Src/system_stm32f1xx.o
 .debug_info    0x00000000000031ce       0x22 Core/Startup/startup_stm32f103c8tx.o
 .debug_info    0x00000000000031f0      0x6fe Drivers/STM32F1xx_HAL_Driver/Src/stm32f1xx_hal.o
 .debug_info    0x00000000000038ee      0xb46 Drivers/STM32F1xx_HAL_Driver/Src/stm32f1xx_hal_cortex.o
 .debug_info    0x0000000000004434      0x681 Drivers/STM32F1xx_HAL_Driver/Src/stm32f1xx_hal_gpio.o
 .debug_info    0x0000000000004ab5      0x804 Drivers/STM32F1xx_HAL_Driver/Src/stm32f1xx_hal_rcc.o
 .debug_info    0x00000000000052b9     0x11e3 Drivers/STM32F1xx_HAL_Driver/Src/stm32f1xx_hal_uart.o

.debug_abbrev   0x0000000000000000     0x150d
 .debug_abbrev  0x0000000000000000       0xd9 Core/Src/dwt_stm32_delay.o
 .debug_abbrev  0x00000000000000d9      0x16e Core/Src/hcsr04.o
 .debug_abbrev  0x0000000000000247      0x281 Core/Src/main.o
 .debug_abbrev  0x00000000000004c8      0x18c Core/Src/stm32f1xx_hal_msp.o
 .debug_abbrev  0x0000000000000654       0xc6 Core/Src/stm32f1xx_it.o
 .debug_abbrev  0x000000000000071a      0x1bb Core/Src/sysmem.o
 .debug_abbrev  0x00000000000008d5      0x134 Core/Src/system_stm32f1xx.o
 .debug_abbrev  0x0000000000000a09       0x12 Core/Startup/startup_stm32f103c8tx.o
 .debug_abbrev  0x0000000000000a1b      0x1d8 Drivers/STM32F1xx_HAL_Driver/Src/stm32f1xx_hal.o
 .debug_abbrev  0x0000000000000bf3      0x2d5 Drivers/STM32F1xx_HAL_Driver/Src/stm32f1xx_hal_cortex.o
 .debug_abbrev  0x0000000000000ec8      0x1c0 Drivers/STM32F1xx_HAL_Driver/Src/stm32f1xx_hal_gpio.o
 .debug_abbrev  0x0000000000001088      0x243 Drivers/STM32F1xx_HAL_Driver/Src/stm32f1xx_hal_rcc.o
 .debug_abbrev  0x00000000000012cb      0x242 Drivers/STM32F1xx_HAL_Driver/Src/stm32f1xx_hal_uart.o

.debug_aranges  0x0000000000000000      0x640
 .debug_aranges
                0x0000000000000000       0x20 Core/Src/dwt_stm32_delay.o
 .debug_aranges
                0x0000000000000020       0x38 Core/Src/hcsr04.o
 .debug_aranges
                0x0000000000000058       0x50 Core/Src/main.o
 .debug_aranges
                0x00000000000000a8       0x30 Core/Src/stm32f1xx_hal_msp.o
 .debug_aranges
                0x00000000000000d8       0x60 Core/Src/stm32f1xx_it.o
 .debug_aranges
                0x0000000000000138       0x20 Core/Src/sysmem.o
 .debug_aranges
                0x0000000000000158       0x28 Core/Src/system_stm32f1xx.o
 .debug_aranges
                0x0000000000000180       0x28 Core/Startup/startup_stm32f103c8tx.o
 .debug_aranges
                0x00000000000001a8       0xe0 Drivers/STM32F1xx_HAL_Driver/Src/stm32f1xx_hal.o
 .debug_aranges
                0x0000000000000288      0x100 Drivers/STM32F1xx_HAL_Driver/Src/stm32f1xx_hal_cortex.o
 .debug_aranges
                0x0000000000000388       0x58 Drivers/STM32F1xx_HAL_Driver/Src/stm32f1xx_hal_gpio.o
 .debug_aranges
                0x00000000000003e0       0x90 Drivers/STM32F1xx_HAL_Driver/Src/stm32f1xx_hal_rcc.o
 .debug_aranges
                0x0000000000000470      0x1d0 Drivers/STM32F1xx_HAL_Driver/Src/stm32f1xx_hal_uart.o

.debug_ranges   0x0000000000000000      0x578
 .debug_ranges  0x0000000000000000       0x10 Core/Src/dwt_stm32_delay.o
 .debug_ranges  0x0000000000000010       0x28 Core/Src/hcsr04.o
 .debug_ranges  0x0000000000000038       0x40 Core/Src/main.o
 .debug_ranges  0x0000000000000078       0x20 Core/Src/stm32f1xx_hal_msp.o
 .debug_ranges  0x0000000000000098       0x50 Core/Src/stm32f1xx_it.o
 .debug_ranges  0x00000000000000e8       0x10 Core/Src/sysmem.o
 .debug_ranges  0x00000000000000f8       0x18 Core/Src/system_stm32f1xx.o
 .debug_ranges  0x0000000000000110       0x20 Core/Startup/startup_stm32f103c8tx.o
 .debug_ranges  0x0000000000000130       0xd0 Drivers/STM32F1xx_HAL_Driver/Src/stm32f1xx_hal.o
 .debug_ranges  0x0000000000000200       0xf0 Drivers/STM32F1xx_HAL_Driver/Src/stm32f1xx_hal_cortex.o
 .debug_ranges  0x00000000000002f0       0x48 Drivers/STM32F1xx_HAL_Driver/Src/stm32f1xx_hal_gpio.o
 .debug_ranges  0x0000000000000338       0x80 Drivers/STM32F1xx_HAL_Driver/Src/stm32f1xx_hal_rcc.o
 .debug_ranges  0x00000000000003b8      0x1c0 Drivers/STM32F1xx_HAL_Driver/Src/stm32f1xx_hal_uart.o

.debug_macro    0x0000000000000000    0x13c24
 .debug_macro   0x0000000000000000      0x18f Core/Src/dwt_stm32_delay.o
 .debug_macro   0x000000000000018f      0xa5a Core/Src/dwt_stm32_delay.o
 .debug_macro   0x0000000000000be9      0x215 Core/Src/dwt_stm32_delay.o
 .debug_macro   0x0000000000000dfe       0x2e Core/Src/dwt_stm32_delay.o
 .debug_macro   0x0000000000000e2c       0x22 Core/Src/dwt_stm32_delay.o
 .debug_macro   0x0000000000000e4e       0x22 Core/Src/dwt_stm32_delay.o
 .debug_macro   0x0000000000000e70       0x8e Core/Src/dwt_stm32_delay.o
 .debug_macro   0x0000000000000efe       0x51 Core/Src/dwt_stm32_delay.o
 .debug_macro   0x0000000000000f4f       0xef Core/Src/dwt_stm32_delay.o
 .debug_macro   0x000000000000103e       0x6a Core/Src/dwt_stm32_delay.o
 .debug_macro   0x00000000000010a8      0x1df Core/Src/dwt_stm32_delay.o
 .debug_macro   0x0000000000001287       0x1c Core/Src/dwt_stm32_delay.o
 .debug_macro   0x00000000000012a3       0x22 Core/Src/dwt_stm32_delay.o
 .debug_macro   0x00000000000012c5       0xc3 Core/Src/dwt_stm32_delay.o
 .debug_macro   0x0000000000001388      0xd23 Core/Src/dwt_stm32_delay.o
 .debug_macro   0x00000000000020ab     0xe09e Core/Src/dwt_stm32_delay.o
 .debug_macro   0x0000000000010149       0x43 Core/Src/dwt_stm32_delay.o
 .debug_macro   0x000000000001018c      0x174 Core/Src/dwt_stm32_delay.o
 .debug_macro   0x0000000000010300       0x5a Core/Src/dwt_stm32_delay.o
 .debug_macro   0x000000000001035a      0x5be Core/Src/dwt_stm32_delay.o
 .debug_macro   0x0000000000010918      0x289 Core/Src/dwt_stm32_delay.o
 .debug_macro   0x0000000000010ba1      0x1cb Core/Src/dwt_stm32_delay.o
 .debug_macro   0x0000000000010d6c      0x114 Core/Src/dwt_stm32_delay.o
 .debug_macro   0x0000000000010e80      0x1b2 Core/Src/dwt_stm32_delay.o
 .debug_macro   0x0000000000011032       0x27 Core/Src/dwt_stm32_delay.o
 .debug_macro   0x0000000000011059      0x136 Core/Src/dwt_stm32_delay.o
 .debug_macro   0x000000000001118f      0x1bc Core/Src/dwt_stm32_delay.o
 .debug_macro   0x000000000001134b       0x34 Core/Src/dwt_stm32_delay.o
 .debug_macro   0x000000000001137f       0x3c Core/Src/dwt_stm32_delay.o
 .debug_macro   0x00000000000113bb       0x57 Core/Src/dwt_stm32_delay.o
 .debug_macro   0x0000000000011412       0x88 Core/Src/dwt_stm32_delay.o
 .debug_macro   0x000000000001149a      0x241 Core/Src/dwt_stm32_delay.o
 .debug_macro   0x00000000000116db      0x141 Core/Src/dwt_stm32_delay.o
 .debug_macro   0x000000000001181c      0x26b Core/Src/dwt_stm32_delay.o
 .debug_macro   0x0000000000011a87       0x83 Core/Src/dwt_stm32_delay.o
 .debug_macro   0x0000000000011b0a      0x1a2 Core/Src/hcsr04.o
 .debug_macro   0x0000000000011cac       0x22 Core/Src/hcsr04.o
 .debug_macro   0x0000000000011cce      0x377 Core/Src/main.o
 .debug_macro   0x0000000000012045       0x10 Core/Src/main.o
 .debug_macro   0x0000000000012055       0x46 Core/Src/main.o
 .debug_macro   0x000000000001209b       0x18 Core/Src/main.o
 .debug_macro   0x00000000000120b3       0x3c Core/Src/main.o
 .debug_macro   0x00000000000120ef       0x34 Core/Src/main.o
 .debug_macro   0x0000000000012123       0x16 Core/Src/main.o
 .debug_macro   0x0000000000012139       0x35 Core/Src/main.o
 .debug_macro   0x000000000001216e      0x32a Core/Src/main.o
 .debug_macro   0x0000000000012498       0x10 Core/Src/main.o
 .debug_macro   0x00000000000124a8       0x52 Core/Src/main.o
 .debug_macro   0x00000000000124fa       0x1f Core/Src/main.o
 .debug_macro   0x0000000000012519       0x43 Core/Src/main.o
 .debug_macro   0x000000000001255c       0x20 Core/Src/main.o
 .debug_macro   0x000000000001257c      0x1a3 Core/Src/main.o
 .debug_macro   0x000000000001271f       0x10 Core/Src/main.o
 .debug_macro   0x000000000001272f       0x1c Core/Src/main.o
 .debug_macro   0x000000000001274b       0x52 Core/Src/main.o
 .debug_macro   0x000000000001279d       0x40 Core/Src/main.o
 .debug_macro   0x00000000000127dd       0x10 Core/Src/main.o
 .debug_macro   0x00000000000127ed       0x40 Core/Src/main.o
 .debug_macro   0x000000000001282d       0xd7 Core/Src/main.o
 .debug_macro   0x0000000000012904       0x1c Core/Src/main.o
 .debug_macro   0x0000000000012920       0x3d Core/Src/main.o
 .debug_macro   0x000000000001295d       0x16 Core/Src/main.o
 .debug_macro   0x0000000000012973      0x145 Core/Src/main.o
 .debug_macro   0x0000000000012ab8       0x16 Core/Src/main.o
 .debug_macro   0x0000000000012ace       0x16 Core/Src/main.o
 .debug_macro   0x0000000000012ae4       0x29 Core/Src/main.o
 .debug_macro   0x0000000000012b0d       0x16 Core/Src/main.o
 .debug_macro   0x0000000000012b23       0x20 Core/Src/main.o
 .debug_macro   0x0000000000012b43      0x194 Core/Src/stm32f1xx_hal_msp.o
 .debug_macro   0x0000000000012cd7      0x19e Core/Src/stm32f1xx_it.o
 .debug_macro   0x0000000000012e75      0x1ae Core/Src/sysmem.o
 .debug_macro   0x0000000000013023      0x23b Core/Src/sysmem.o
 .debug_macro   0x000000000001325e      0x18b Core/Src/system_stm32f1xx.o
 .debug_macro   0x00000000000133e9      0x1a9 Drivers/STM32F1xx_HAL_Driver/Src/stm32f1xx_hal.o
 .debug_macro   0x0000000000013592      0x185 Drivers/STM32F1xx_HAL_Driver/Src/stm32f1xx_hal_cortex.o
 .debug_macro   0x0000000000013717      0x1f0 Drivers/STM32F1xx_HAL_Driver/Src/stm32f1xx_hal_gpio.o
 .debug_macro   0x0000000000013907      0x197 Drivers/STM32F1xx_HAL_Driver/Src/stm32f1xx_hal_rcc.o
 .debug_macro   0x0000000000013a9e      0x186 Drivers/STM32F1xx_HAL_Driver/Src/stm32f1xx_hal_uart.o

.debug_line     0x0000000000000000     0x73d2
 .debug_line    0x0000000000000000      0x78c Core/Src/dwt_stm32_delay.o
 .debug_line    0x000000000000078c      0x7ec Core/Src/hcsr04.o
 .debug_line    0x0000000000000f78      0xc67 Core/Src/main.o
 .debug_line    0x0000000000001bdf      0x7ae Core/Src/stm32f1xx_hal_msp.o
 .debug_line    0x000000000000238d      0x81f Core/Src/stm32f1xx_it.o
 .debug_line    0x0000000000002bac      0x8ac Core/Src/sysmem.o
 .debug_line    0x0000000000003458      0x7ac Core/Src/system_stm32f1xx.o
 .debug_line    0x0000000000003c04       0x84 Core/Startup/startup_stm32f103c8tx.o
 .debug_line    0x0000000000003c88      0x954 Drivers/STM32F1xx_HAL_Driver/Src/stm32f1xx_hal.o
 .debug_line    0x00000000000045dc      0xa2d Drivers/STM32F1xx_HAL_Driver/Src/stm32f1xx_hal_cortex.o
 .debug_line    0x0000000000005009      0x954 Drivers/STM32F1xx_HAL_Driver/Src/stm32f1xx_hal_gpio.o
 .debug_line    0x000000000000595d      0xa16 Drivers/STM32F1xx_HAL_Driver/Src/stm32f1xx_hal_rcc.o
 .debug_line    0x0000000000006373     0x105f Drivers/STM32F1xx_HAL_Driver/Src/stm32f1xx_hal_uart.o

.debug_str      0x0000000000000000    0x6a9ae
 .debug_str     0x0000000000000000    0x645d5 Core/Src/dwt_stm32_delay.o
                                      0x64887 (size before relaxing)
 .debug_str     0x00000000000645d5      0x192 Core/Src/hcsr04.o
                                      0x649dd (size before relaxing)
 .debug_str     0x0000000000064767     0x47bd Core/Src/main.o
                                      0x690ea (size before relaxing)
 .debug_str     0x0000000000068f24       0x7a Core/Src/stm32f1xx_hal_msp.o
                                      0x64c4c (size before relaxing)
 .debug_str     0x0000000000068f9e       0xbd Core/Src/stm32f1xx_it.o
                                      0x64861 (size before relaxing)
 .debug_str     0x000000000006905b      0x4d1 Core/Src/sysmem.o
                                       0x7aad (size before relaxing)
 .debug_str     0x000000000006952c       0xc2 Core/Src/system_stm32f1xx.o
                                      0x6487b (size before relaxing)
 .debug_str     0x00000000000695ee       0x36 Core/Startup/startup_stm32f103c8tx.o
                                         0x52 (size before relaxing)
 .debug_str     0x0000000000069624      0x624 Drivers/STM32F1xx_HAL_Driver/Src/stm32f1xx_hal.o
                                      0x64e8c (size before relaxing)
 .debug_str     0x0000000000069c48      0x2be Drivers/STM32F1xx_HAL_Driver/Src/stm32f1xx_hal_cortex.o
                                      0x64e9a (size before relaxing)
 .debug_str     0x0000000000069f06      0x31e Drivers/STM32F1xx_HAL_Driver/Src/stm32f1xx_hal_gpio.o
                                      0x64bc5 (size before relaxing)
 .debug_str     0x000000000006a224      0x263 Drivers/STM32F1xx_HAL_Driver/Src/stm32f1xx_hal_rcc.o
                                      0x64bfe (size before relaxing)
 .debug_str     0x000000000006a487      0x527 Drivers/STM32F1xx_HAL_Driver/Src/stm32f1xx_hal_uart.o
                                      0x650ed (size before relaxing)

.comment        0x0000000000000000       0x7b
 .comment       0x0000000000000000       0x7b Core/Src/dwt_stm32_delay.o
                                         0x7c (size before relaxing)
 .comment       0x000000000000007b       0x7c Core/Src/hcsr04.o
 .comment       0x000000000000007b       0x7c Core/Src/main.o
 .comment       0x000000000000007b       0x7c Core/Src/stm32f1xx_hal_msp.o
 .comment       0x000000000000007b       0x7c Core/Src/stm32f1xx_it.o
 .comment       0x000000000000007b       0x7c Core/Src/sysmem.o
 .comment       0x000000000000007b       0x7c Core/Src/system_stm32f1xx.o
 .comment       0x000000000000007b       0x7c Drivers/STM32F1xx_HAL_Driver/Src/stm32f1xx_hal.o
 .comment       0x000000000000007b       0x7c Drivers/STM32F1xx_HAL_Driver/Src/stm32f1xx_hal_cortex.o
 .comment       0x000000000000007b       0x7c Drivers/STM32F1xx_HAL_Driver/Src/stm32f1xx_hal_gpio.o
 .comment       0x000000000000007b       0x7c Drivers/STM32F1xx_HAL_Driver/Src/stm32f1xx_hal_rcc.o
 .comment       0x000000000000007b       0x7c Drivers/STM32F1xx_HAL_Driver/Src/stm32f1xx_hal_uart.o

.debug_frame    0x0000000000000000     0x1adc
 .debug_frame   0x0000000000000000       0x30 Core/Src/dwt_stm32_delay.o
 .debug_frame   0x0000000000000030       0xa8 Core/Src/hcsr04.o
 .debug_frame   0x00000000000000d8      0x108 Core/Src/main.o
 .debug_frame   0x00000000000001e0       0x80 Core/Src/stm32f1xx_hal_msp.o
 .debug_frame   0x0000000000000260      0x10c Core/Src/stm32f1xx_it.o
 .debug_frame   0x000000000000036c       0x34 Core/Src/sysmem.o
 .debug_frame   0x00000000000003a0       0x58 Core/Src/system_stm32f1xx.o
 .debug_frame   0x00000000000003f8      0x334 Drivers/STM32F1xx_HAL_Driver/Src/stm32f1xx_hal.o
 .debug_frame   0x000000000000072c      0x428 Drivers/STM32F1xx_HAL_Driver/Src/stm32f1xx_hal_cortex.o
 .debug_frame   0x0000000000000b54      0x14c Drivers/STM32F1xx_HAL_Driver/Src/stm32f1xx_hal_gpio.o
 .debug_frame   0x0000000000000ca0      0x21c Drivers/STM32F1xx_HAL_Driver/Src/stm32f1xx_hal_rcc.o
 .debug_frame   0x0000000000000ebc      0x834 Drivers/STM32F1xx_HAL_Driver/Src/stm32f1xx_hal_uart.o
 .debug_frame   0x00000000000016f0       0x20 d:/program file_d/stm32ide/stm32cubeide_1.1.0/stm32cubeide/plugins/com.st.stm32cube.ide.mcu.externaltools.gnu-tools-for-stm32.7-2018-q2-update.win32_1.0.0.201904181610/tools/bin/../lib/gcc/arm-none-eabi/7.3.1/../../../../arm-none-eabi/lib/thumb/v7-m\libc_nano.a(lib_a-errno.o)
 .debug_frame   0x0000000000001710       0x2c d:/program file_d/stm32ide/stm32cubeide_1.1.0/stm32cubeide/plugins/com.st.stm32cube.ide.mcu.externaltools.gnu-tools-for-stm32.7-2018-q2-update.win32_1.0.0.201904181610/tools/bin/../lib/gcc/arm-none-eabi/7.3.1/../../../../arm-none-eabi/lib/thumb/v7-m\libc_nano.a(lib_a-init.o)
 .debug_frame   0x000000000000173c       0x30 d:/program file_d/stm32ide/stm32cubeide_1.1.0/stm32cubeide/plugins/com.st.stm32cube.ide.mcu.externaltools.gnu-tools-for-stm32.7-2018-q2-update.win32_1.0.0.201904181610/tools/bin/../lib/gcc/arm-none-eabi/7.3.1/../../../../arm-none-eabi/lib/thumb/v7-m\libc_nano.a(lib_a-malloc.o)
 .debug_frame   0x000000000000176c       0x20 d:/program file_d/stm32ide/stm32cubeide_1.1.0/stm32cubeide/plugins/com.st.stm32cube.ide.mcu.externaltools.gnu-tools-for-stm32.7-2018-q2-update.win32_1.0.0.201904181610/tools/bin/../lib/gcc/arm-none-eabi/7.3.1/../../../../arm-none-eabi/lib/thumb/v7-m\libc_nano.a(lib_a-memset.o)
 .debug_frame   0x000000000000178c       0x38 d:/program file_d/stm32ide/stm32cubeide_1.1.0/stm32cubeide/plugins/com.st.stm32cube.ide.mcu.externaltools.gnu-tools-for-stm32.7-2018-q2-update.win32_1.0.0.201904181610/tools/bin/../lib/gcc/arm-none-eabi/7.3.1/../../../../arm-none-eabi/lib/thumb/v7-m\libc_nano.a(lib_a-nano-freer.o)
 .debug_frame   0x00000000000017c4       0x2c d:/program file_d/stm32ide/stm32cubeide_1.1.0/stm32cubeide/plugins/com.st.stm32cube.ide.mcu.externaltools.gnu-tools-for-stm32.7-2018-q2-update.win32_1.0.0.201904181610/tools/bin/../lib/gcc/arm-none-eabi/7.3.1/../../../../arm-none-eabi/lib/thumb/v7-m\libc_nano.a(lib_a-nano-mallocr.o)
 .debug_frame   0x00000000000017f0       0x2c d:/program file_d/stm32ide/stm32cubeide_1.1.0/stm32cubeide/plugins/com.st.stm32cube.ide.mcu.externaltools.gnu-tools-for-stm32.7-2018-q2-update.win32_1.0.0.201904181610/tools/bin/../lib/gcc/arm-none-eabi/7.3.1/../../../../arm-none-eabi/lib/thumb/v7-m\libc_nano.a(lib_a-sbrkr.o)
 .debug_frame   0x000000000000181c       0x30 d:/program file_d/stm32ide/stm32cubeide_1.1.0/stm32cubeide/plugins/com.st.stm32cube.ide.mcu.externaltools.gnu-tools-for-stm32.7-2018-q2-update.win32_1.0.0.201904181610/tools/bin/../lib/gcc/arm-none-eabi/7.3.1/../../../../arm-none-eabi/lib/thumb/v7-m\libc_nano.a(lib_a-mlock.o)
 .debug_frame   0x000000000000184c       0x5c d:/program file_d/stm32ide/stm32cubeide_1.1.0/stm32cubeide/plugins/com.st.stm32cube.ide.mcu.externaltools.gnu-tools-for-stm32.7-2018-q2-update.win32_1.0.0.201904181610/tools/bin/../lib/gcc/arm-none-eabi/7.3.1/../../../../arm-none-eabi/lib/thumb/v7-m\libc_nano.a(lib_a-reent.o)
 .debug_frame   0x00000000000018a8       0xac d:/program file_d/stm32ide/stm32cubeide_1.1.0/stm32cubeide/plugins/com.st.stm32cube.ide.mcu.externaltools.gnu-tools-for-stm32.7-2018-q2-update.win32_1.0.0.201904181610/tools/bin/../lib/gcc/arm-none-eabi/7.3.1/thumb/v7-m\libgcc.a(_arm_addsubdf3.o)
 .debug_frame   0x0000000000001954       0x50 d:/program file_d/stm32ide/stm32cubeide_1.1.0/stm32cubeide/plugins/com.st.stm32cube.ide.mcu.externaltools.gnu-tools-for-stm32.7-2018-q2-update.win32_1.0.0.201904181610/tools/bin/../lib/gcc/arm-none-eabi/7.3.1/thumb/v7-m\libgcc.a(_arm_muldivdf3.o)
 .debug_frame   0x00000000000019a4       0x24 d:/program file_d/stm32ide/stm32cubeide_1.1.0/stm32cubeide/plugins/com.st.stm32cube.ide.mcu.externaltools.gnu-tools-for-stm32.7-2018-q2-update.win32_1.0.0.201904181610/tools/bin/../lib/gcc/arm-none-eabi/7.3.1/thumb/v7-m\libgcc.a(_arm_truncdfsf2.o)
 .debug_frame   0x00000000000019c8       0x4c d:/program file_d/stm32ide/stm32cubeide_1.1.0/stm32cubeide/plugins/com.st.stm32cube.ide.mcu.externaltools.gnu-tools-for-stm32.7-2018-q2-update.win32_1.0.0.201904181610/tools/bin/../lib/gcc/arm-none-eabi/7.3.1/thumb/v7-m\libgcc.a(_arm_addsubsf3.o)
 .debug_frame   0x0000000000001a14       0xc8 d:/program file_d/stm32ide/stm32cubeide_1.1.0/stm32cubeide/plugins/com.st.stm32cube.ide.mcu.externaltools.gnu-tools-for-stm32.7-2018-q2-update.win32_1.0.0.201904181610/tools/bin/../lib/gcc/arm-none-eabi/7.3.1/thumb/v7-m\libgcc.a(_arm_cmpsf2.o)
